// Jest Snapshot v1, https://goo.gl/fbAQLP

exports[`AddWebIdButton renders an Add WebID Button 1`] = `
<DocumentFragment>
  <button
    class="PodBrowser-button PodBrowser-button--secondary PodBrowser-button"
    data-testid="add-webid-button"
    iconbefore="add"
  >
    <span
      class="PodBrowser-icon-add PodBrowser-button__icon PodBrowser-button__icon--before"
    />
    <span
      class="PodBrowser-button__text"
    >
      Add WebId
    </span>
  </button>
</DocumentFragment>
`;
