// Jest Snapshot v1, https://goo.gl/fbAQLP

exports[`SharingAccordion it renders three lists of empty permissions for editors, viewers and blocked, and an Advanced Sharing button 1`] = `
<DocumentFragment>
  <div
    class="PodBrowser-root PodBrowser-root PodBrowser-accordion PodBrowser-expanded PodBrowser-rounded PodBrowser-rounded PodBrowser-elevation1 PodBrowser-rounded"
    data-testid="agent-access-table"
  >
    <div
      class="PodBrowser-headerContainer"
    >
      <i
        class="PodBrowser-icon-editor PodBrowser-icon PodBrowser-iconEditor"
      />
      <div
        class="PodBrowser-textContainer"
      >
        <div
          class="PodBrowser-titleAndButtonContainer"
        >
          <p
            class="PodBrowser-title"
          >
            Editors
          </p>
          <button
            class="PodBrowser-button PodBrowser-button--text"
            data-testid="add-agent-button"
            iconbefore="add"
          >
            <span
              class="PodBrowser-icon-add PodBrowser-button__icon PodBrowser-button__icon--before"
            />
            <span
              class="PodBrowser-button__text"
            >
              Edit Editors
            </span>
          </button>
        </div>
        <span
          class="PodBrowser-description"
        >
          <p>
            <b>
              Can 
            </b>
            view, edit and delete this resource
          </p>
        </span>
      </div>
    </div>
    <div
      class="PodBrowser-container PodBrowser-entered"
      style="min-height: 0px;"
    >
      <div
        class="PodBrowser-wrapper"
      >
        <div
          class="PodBrowser-wrapperInner"
        >
          <div
            role="region"
          >
            <div
              class="PodBrowser-permissionsContainer"
            >
              <span
                class="PodBrowser-emptyStateTextContainer"
              >
                <p>
                  No editors
                </p>
              </span>
            </div>
          </div>
        </div>
      </div>
    </div>
  </div>
  <div
    class="PodBrowser-root PodBrowser-root PodBrowser-accordion PodBrowser-expanded PodBrowser-rounded PodBrowser-rounded PodBrowser-elevation1 PodBrowser-rounded"
    data-testid="agent-access-table"
  >
    <div
      class="PodBrowser-headerContainer"
    >
      <i
        class="PodBrowser-icon-view PodBrowser-icon PodBrowser-iconViewer"
      />
      <div
        class="PodBrowser-textContainer"
      >
        <div
          class="PodBrowser-titleAndButtonContainer"
        >
          <p
            class="PodBrowser-title"
          >
            Viewers
          </p>
          <button
            class="PodBrowser-button PodBrowser-button--text"
            data-testid="add-agent-button"
            iconbefore="add"
          >
            <span
              class="PodBrowser-icon-add PodBrowser-button__icon PodBrowser-button__icon--before"
            />
            <span
              class="PodBrowser-button__text"
            >
              Edit Viewers
            </span>
          </button>
        </div>
        <span
          class="PodBrowser-description"
        >
          <p>
            <b>
              Can 
            </b>
            view but
            <b>
               cannot 
            </b>
            edit or delete this resource
          </p>
        </span>
      </div>
    </div>
    <div
      class="PodBrowser-container PodBrowser-entered"
      style="min-height: 0px;"
    >
      <div
        class="PodBrowser-wrapper"
      >
        <div
          class="PodBrowser-wrapperInner"
        >
          <div
            role="region"
          >
            <div
              class="PodBrowser-permissionsContainer"
            >
              <span
                class="PodBrowser-emptyStateTextContainer"
              >
                <p>
                  No viewers
                </p>
              </span>
            </div>
          </div>
        </div>
      </div>
    </div>
  </div>
  <div
    class="PodBrowser-root PodBrowser-root PodBrowser-accordion PodBrowser-expanded PodBrowser-rounded PodBrowser-rounded PodBrowser-elevation1 PodBrowser-rounded"
    data-testid="agent-access-table"
  >
    <div
      class="PodBrowser-headerContainer"
    >
      <i
        class="PodBrowser-icon-block PodBrowser-icon PodBrowser-iconBlocked"
      />
      <div
        class="PodBrowser-textContainer"
      >
        <div
          class="PodBrowser-titleAndButtonContainer"
        >
          <p
            class="PodBrowser-title"
          >
            Blocked
          </p>
          <button
            class="PodBrowser-button PodBrowser-button--text"
            data-testid="add-agent-button"
            iconbefore="add"
          >
            <span
              class="PodBrowser-icon-add PodBrowser-button__icon PodBrowser-button__icon--before"
            />
            <span
              class="PodBrowser-button__text"
            >
              Edit Blocked
            </span>
          </button>
        </div>
        <span
          class="PodBrowser-description"
        >
          <p>
            <b>
              Cannot 
            </b>
            view this resource
          </p>
        </span>
      </div>
    </div>
    <div
      class="PodBrowser-container PodBrowser-entered"
      style="min-height: 0px;"
    >
      <div
        class="PodBrowser-wrapper"
      >
        <div
          class="PodBrowser-wrapperInner"
        >
          <div
            role="region"
          >
            <div
              class="PodBrowser-permissionsContainer"
            >
              <span
                class="PodBrowser-emptyStateTextContainer"
              >
                <p>
                  No one is blocked
                </p>
              </span>
            </div>
          </div>
        </div>
      </div>
    </div>
  </div>
  <div
    class="PodBrowser-sharingButtonContainer"
  >
    <button
      class="PodBrowser-button PodBrowser-button--text PodBrowser-sharingButton"
      data-testid="advanced-sharing-button"
    >
      <span
        class="PodBrowser-button__text"
      >
        <i
          class="PodBrowser-icon-settings PodBrowser-icon"
        />
        Advanced Sharing
      </span>
    </button>
  </div>
</DocumentFragment>
`;
